crate-0-1-2-3-4.m4a: -13.05 LUFS, -1.230 dBTP, 0 clipped samples; release inconclusive
crate-0-1-2-3.m4a: -13.05 LUFS, -1.230 dBTP, 0 clipped samples; release inconclusive
crate-0-1-2-4.m4a: -13.05 LUFS, -1.230 dBTP, 0 clipped samples; release inconclusive
crate-0-1-2.m4a: -13.05 LUFS, -1.230 dBTP, 0 clipped samples; release inconclusive
crate-0-1-3-4.m4a: -13.05 LUFS, -1.230 dBTP, 0 clipped samples; release inconclusive
crate-0-1-3.m4a: -13.05 LUFS, -1.230 dBTP, 0 clipped samples; release inconclusive
crate-0-1-4.m4a: -13.05 LUFS, -1.230 dBTP, 0 clipped samples; release inconclusive
crate-0-1.m4a: -13.05 LUFS, -1.230 dBTP, 0 clipped samples; release inconclusive
crate-0-2-3-4.m4a: -10.42 LUFS, -1.221 dBTP, 0 clipped samples; release inconclusive
crate-0-2-3.m4a: -10.42 LUFS, -1.221 dBTP, 0 clipped samples; release inconclusive
crate-0-2-4.m4a: -14.18 LUFS, -1.280 dBTP, 0 clipped samples; release inconclusive
crate-0-2.m4a: -10.95 LUFS, -1.189 dBTP, 0 clipped samples; release inconclusive
crate-0-3-4.m4a: -14.18 LUFS, -1.280 dBTP, 0 clipped samples; release inconclusive
crate-0-3.m4a: -10.42 LUFS, -1.221 dBTP, 0 clipped samples; release inconclusive
crate-0-4.m4a: -12.33 LUFS, -1.216 dBTP, 0 clipped samples; release inconclusive
crate-0.m4a: -12.48 LUFS, -1.192 dBTP, 0 clipped samples; release inconclusive
crate-1-2-3-4.m4a: -10.42 LUFS, -1.221 dBTP, 0 clipped samples; release inconclusive
crate-1-2-3.m4a: -10.42 LUFS, -1.221 dBTP, 0 clipped samples; release inconclusive
crate-1-2-4.m4a: -12.91 LUFS, -1.277 dBTP, 0 clipped samples; release inconclusive
crate-1-2.m4a: -10.95 LUFS, -1.189 dBTP, 0 clipped samples; release inconclusive
crate-1-3-4.m4a: -12.91 LUFS, -1.277 dBTP, 0 clipped samples; release inconclusive
crate-1-3.m4a: -10.42 LUFS, -1.221 dBTP, 0 clipped samples; release inconclusive
crate-1-4.m4a: -13.35 LUFS, -1.272 dBTP, 0 clipped samples; release inconclusive
crate-1.m4a: -11.93 LUFS, -1.100 dBTP, 0 clipped samples; release inconclusive
crate-2-3-4.m4a: -13.76 LUFS, -1.277 dBTP, 0 clipped samples; release inconclusive
crate-2-3.m4a: -13.76 LUFS, -1.277 dBTP, 0 clipped samples; release inconclusive
crate-2-4.m4a: -10.95 LUFS, -1.189 dBTP, 0 clipped samples; release inconclusive
crate-2.m4a: -11.72 LUFS, -1.182 dBTP, 0 clipped samples; release inconclusive
crate-3-4.m4a: -10.42 LUFS, -1.221 dBTP, 0 clipped samples; release inconclusive
crate-3.m4a: -11.66 LUFS, -1.036 dBTP, 0 clipped samples; release inconclusive
crate-4.m4a: -11.93 LUFS, -1.163 dBTP, 0 clipped samples; release inconclusive
