2026-09-14 11:15:08.601 xcodebuild[16878:3224927]  DVTFilePathFSEvents: Failed to start fs event stream.
2026-09-14 11:15:08.775 xcodebuild[16878:3224906] [MT] DVTDeveloperPaths: Failed to get length of DARWIN_USER_CACHE_DIR from confstr(3), error = Error Domain=NSPOSIXErrorDomain Code=5 "Input/output error". Using NSCachesDirectory instead.
2026-09-14 11:15:09.083 xcodebuild[16878:3224927] CoreSimulatorService connection became invalid.  Simulator services will no longer be available.
2026-09-14 11:15:09.089 xcodebuild[16878:3225004] Logging connecton invalid: <OS_xpc_error: <dictionary: 0x1fa4ce080> { count = 1, transaction: 0, voucher = 0x0, contents =
	"XPCErrorDescription" => <string: 0x1fa4ce1c0> { string cache = 0x0, length = 18, contents = "Connection invalid" }
}>
2026-09-14 11:15:09.090 xcodebuild[16878:3225004] Error opening log file (/Users/pranavi/Library/Logs/CoreSimulator/CoreSimulator.com.apple.dt.xcodebuild.log): Operation not permitted
[-[SimServiceContext sendRequest:]:1751] ERROR : Unable to deliver request ({
    "developer_dir" = "/Applications/Xcode.app/Contents/Developer";
    request = "set_developer_dir";
}) because we are not connected to CoreSimulatorService.
Command line invocation:
    /Applications/Xcode.app/Contents/Developer/usr/bin/xcodebuild -project Mixr.xcodeproj -scheme Mixr -destination "generic/platform=iOS Simulator" -derivedDataPath /tmp/mixr-general-build CODE_SIGNING_ALLOWED=NO build

Build settings from command line:
    CODE_SIGNING_ALLOWED = NO

2026-09-14 11:15:09.137 xcodebuild[16878:3224906] [MT] DVTAssertions: Warning in DVTFrameworks/DVTFoundation/FileTypes/DVTFileDataTypeDetection.m:80
Details:  detectedTypeIdentifier (com.apple.binary-property-list) does not conform to matchedTypeIdentifier in MagicFileDataTypeDetector extenson com.apple.property-list. When both are specified, this conformance is required unless overridden by setting allowNonInheritance. extension.identifier:Xcode.MagicFileDataTypeDetector.BinaryPlist
Object:   <DVTFileDataTypeDetectionMagicCache: 0xc05b1e580>
Method:   -initWithExtension:
Thread:   <_NSMainThread: 0x100f9dcd0>{number = 1, name = main}
Please file a bug at https://feedbackassistant.apple.com with this warning message and any useful information you can provide.
2026-09-14 11:15:09.138 xcodebuild[16878:3224906] [MT] DVTAssertions: Warning in DVTFrameworks/DVTFoundation/FileTypes/DVTFileDataTypeDetection.m:80
Details:  detectedTypeIdentifier (com.apple.xml-property-list) does not conform to matchedTypeIdentifier in MagicFileDataTypeDetector extenson com.apple.property-list. When both are specified, this conformance is required unless overridden by setting allowNonInheritance. extension.identifier:Xcode.MagicFileDataTypeDetector.XMLPlist
Object:   <DVTFileDataTypeDetectionMagicCache: 0xc05b2c4e0>
Method:   -initWithExtension:
Thread:   <_NSMainThread: 0x100f9dcd0>{number = 1, name = main}
Please file a bug at https://feedbackassistant.apple.com with this warning message and any useful information you can provide.
[-[SimServiceContext initWithDeveloperDir:connectionType:error:]:432] WARN  : Unable to discover any Simulator runtimes. Developer Directory is /Applications/Xcode.app/Contents/Developer.
[-[SimDiskImageManager init]:175] ERROR : Could not kickstart simdiskimaged; SimDiskImageManager services will not be available: Error Domain=NSPOSIXErrorDomain Code=53 "Software caused connection abort" UserInfo={NSLocalizedDescription=Error returned in reply from CoreSimulatorService: Connection invalid}
[-[SimDiskImageManager _onQueue_checkConnection:]:239] ERROR : simdiskimaged returned error (invalid), marking disconnected.
[-[SimDiskImageManager _onQueue_checkConnection:]:219] ERROR : simdiskimaged connection is currently unavailable because connection became invalid
[-[SimServiceContext initWithDeveloperDir:connectionType:error:]_block_invoke:468] ERROR : Could not get list of trusted mount directories: Error Domain=com.apple.CoreSimulator.SimError Code=409 "Cannot talk to the service used to manage runtime disk images (simdiskimaged) because its launchd job is not registered or was unloaded" UserInfo={NSLocalizedDescription=Cannot talk to the service used to manage runtime disk images (simdiskimaged) because its launchd job is not registered or was unloaded}
[-[SimServiceContext sendRequest:reply:error:]:1771] ERROR : Unable to deliver request ({
    request = "notification_subscription";
    "set_path" = "/Users/pranavi/Library/Developer/CoreSimulator/Devices";
}) because we are not connected to CoreSimulatorService.
2026-09-14 11:15:09.220 xcodebuild[16878:3224927] Error Domain=NSPOSIXErrorDomain Code=61 "Connection refused" UserInfo={NSLocalizedDescription=CoreSimulatorService connection became invalid.  Simulator services will no longer be available.}
2026-09-14 11:15:09.221 xcodebuild[16878:3224927]  iOSSimulator: [SimServiceContext defaultDeviceSetWithError:] returned nil (Error Domain=NSPOSIXErrorDomain Code=61 "Connection refused" UserInfo={NSLocalizedFailureReason=Failed to subscribe to notifications from CoreSimulatorService., NSLocalizedDescription=Failed to initialize simulator device set., NSUnderlyingError=0xc06850f90 {Error Domain=NSPOSIXErrorDomain Code=61 "Connection refused" UserInfo={NSLocalizedDescription=CoreSimulatorService connection became invalid.  Simulator services will no longer be available.}}}). Simulator device support disabled.
[-[SimServiceContext sendRequest:reply:error:]:1771] ERROR : Unable to deliver request ({
    request = "notification_subscription";
    "set_path" = "/Users/pranavi/Library/Developer/CoreSimulator/Devices";
}) because we are not connected to CoreSimulatorService.
2026-09-14 11:15:09.221 xcodebuild[16878:3224928] Error Domain=NSPOSIXErrorDomain Code=61 "Connection refused" UserInfo={NSLocalizedDescription=CoreSimulatorService connection became invalid.  Simulator services will no longer be available.}
2026-09-14 11:15:09.222 xcodebuild[16878:3224928]  IDESimulatorAvailability: startObservingSimulatorUpdates() FAILED to register SimDeviceSet observer
2026-09-14 11:15:09.232 xcodebuild[16878:3225004]  DVTProvisioningProfileManager: Failed to load profile "/Users/pranavi/Library/Developer/Xcode/UserData/Provisioning Profiles/06299018-e223-414d-9920-ae8d6574caca.mobileprovision" (Error Domain=DVTProvisioningProfileProviderErrorDomain Code=1 "Failed to load profile." UserInfo={NSLocalizedDescription=Failed to load profile., NSLocalizedRecoverySuggestion=Profile is missing the required UUID property.})
ComputePackagePrebuildTargetDependencyGraph

Prepare packages

CreateBuildRequest

SendProjectDescription

CreateBuildOperation

ComputeTargetDependencyGraph
note: Building targets in dependency order
note: Target dependency graph (1 target)
    Target 'Mixr' in project 'Mixr' (no dependencies)

GatherProvisioningInputs

CreateBuildDescription

ExecuteExternalTool /Applications/Xcode.app/Contents/Developer/Toolchains/XcodeDefault.xctoolchain/usr/bin/clang -v -E -dM -isysroot /Applications/Xcode.app/Contents/Developer/Platforms/iPhoneSimulator.platform/Developer/SDKs/iPhoneSimulator26.5.sdk -x c -c /dev/null

ExecuteExternalTool /Applications/Xcode.app/Contents/Developer/usr/bin/actool --print-asset-tag-combinations --output-format xml1 /Users/pranavi/Documents/GitHub/mixr/Mixr/AppIcon.icon /Users/pranavi/Documents/GitHub/mixr/Mixr/Assets.xcassets

ExecuteExternalTool /Applications/Xcode.app/Contents/Developer/usr/bin/actool --version --output-format xml1

ExecuteExternalTool /Applications/Xcode.app/Contents/Developer/Toolchains/XcodeDefault.xctoolchain/usr/bin/swiftc --version

ExecuteExternalTool /Applications/Xcode.app/Contents/Developer/Toolchains/XcodeDefault.xctoolchain/usr/bin/ld -version_details

Build description signature: 78a6d5e667510bf64a33833528edd798
Build description path: /tmp/mixr-general-build/Build/Intermediates.noindex/XCBuildData/78a6d5e667510bf64a33833528edd798.xcbuilddata
ClangStatCache /Applications/Xcode.app/Contents/Developer/Toolchains/XcodeDefault.xctoolchain/usr/bin/clang-stat-cache /Applications/Xcode.app/Contents/Developer/Platforms/iPhoneSimulator.platform/Developer/SDKs/iPhoneSimulator26.5.sdk /tmp/mixr-general-build/SDKStatCaches.noindex/iphonesimulator26.5-23F81a-6cfe768891a92b912361537c460fe42b.sdkstatcache
    cd /Users/pranavi/Documents/GitHub/mixr/Mixr.xcodeproj
    /Applications/Xcode.app/Contents/Developer/Toolchains/XcodeDefault.xctoolchain/usr/bin/clang-stat-cache /Applications/Xcode.app/Contents/Developer/Platforms/iPhoneSimulator.platform/Developer/SDKs/iPhoneSimulator26.5.sdk -o /tmp/mixr-general-build/SDKStatCaches.noindex/iphonesimulator26.5-23F81a-6cfe768891a92b912361537c460fe42b.sdkstatcache
Failed to create FS event stream. Considering the cache up-to-date.

WriteAuxiliaryFile /tmp/mixr-general-build/Build/Intermediates.noindex/Mixr.build/Debug-iphonesimulator/Mixr-fc23bda51c8c60f8e96a265cb1918f50-VFS-iphonesimulator/all-product-headers.yaml
    cd /Users/pranavi/Documents/GitHub/mixr/Mixr.xcodeproj
    write-file /tmp/mixr-general-build/Build/Intermediates.noindex/Mixr.build/Debug-iphonesimulator/Mixr-fc23bda51c8c60f8e96a265cb1918f50-VFS-iphonesimulator/all-product-headers.yaml

CreateBuildDirectory /tmp/mixr-general-build/Build/Intermediates.noindex/EagerLinkingTBDs/Debug-iphonesimulator
    cd /Users/pranavi/Documents/GitHub/mixr/Mixr.xcodeproj
    builtin-create-build-directory /tmp/mixr-general-build/Build/Intermediates.noindex/EagerLinkingTBDs/Debug-iphonesimulator

CreateBuildDirectory /tmp/mixr-general-build/Build/Intermediates.noindex/SwiftExplicitPrecompiledModules
    cd /Users/pranavi/Documents/GitHub/mixr/Mixr.xcodeproj
    builtin-create-build-directory /tmp/mixr-general-build/Build/Intermediates.noindex/SwiftExplicitPrecompiledModules

CreateBuildDirectory /tmp/mixr-general-build/Build/Intermediates.noindex/ExplicitPrecompiledModules
    cd /Users/pranavi/Documents/GitHub/mixr/Mixr.xcodeproj
    builtin-create-build-directory /tmp/mixr-general-build/Build/Intermediates.noindex/ExplicitPrecompiledModules

WriteAuxiliaryFile /tmp/mixr-general-build/Build/Intermediates.noindex/Mixr.build/Debug-iphonesimulator/Mixr.build/Objects-normal/x86_64/Mixr_const_extract_protocols.json (in target 'Mixr' from project 'Mixr')
    cd /Users/pranavi/Documents/GitHub/mixr
    write-file /tmp/mixr-general-build/Build/Intermediates.noindex/Mixr.build/Debug-iphonesimulator/Mixr.build/Objects-normal/x86_64/Mixr_const_extract_protocols.json

WriteAuxiliaryFile /tmp/mixr-general-build/Build/Intermediates.noindex/Mixr.build/Debug-iphonesimulator/Mixr.build/Objects-normal/x86_64/Mixr-OutputFileMap.json (in target 'Mixr' from project 'Mixr')
    cd /Users/pranavi/Documents/GitHub/mixr
    write-file /tmp/mixr-general-build/Build/Intermediates.noindex/Mixr.build/Debug-iphonesimulator/Mixr.build/Objects-normal/x86_64/Mixr-OutputFileMap.json

WriteAuxiliaryFile /tmp/mixr-general-build/Build/Intermediates.noindex/Mixr.build/Debug-iphonesimulator/Mixr.build/Mixr-all-target-headers.hmap (in target 'Mixr' from project 'Mixr')
    cd /Users/pranavi/Documents/GitHub/mixr
    write-file /tmp/mixr-general-build/Build/Intermediates.noindex/Mixr.build/Debug-iphonesimulator/Mixr.build/Mixr-all-target-headers.hmap

WriteAuxiliaryFile /tmp/mixr-general-build/Build/Intermediates.noindex/Mixr.build/Debug-iphonesimulator/Mixr.build/Mixr-own-target-headers.hmap (in target 'Mixr' from project 'Mixr')
    cd /Users/pranavi/Documents/GitHub/mixr
    write-file /tmp/mixr-general-build/Build/Intermediates.noindex/Mixr.build/Debug-iphonesimulator/Mixr.build/Mixr-own-target-headers.hmap

WriteAuxiliaryFile /tmp/mixr-general-build/Build/Intermediates.noindex/Mixr.build/Debug-iphonesimulator/Mixr.build/Mixr-generated-files.hmap (in target 'Mixr' from project 'Mixr')
    cd /Users/pranavi/Documents/GitHub/mixr
    write-file /tmp/mixr-general-build/Build/Intermediates.noindex/Mixr.build/Debug-iphonesimulator/Mixr.build/Mixr-generated-files.hmap

WriteAuxiliaryFile /tmp/mixr-general-build/Build/Intermediates.noindex/Mixr.build/Debug-iphonesimulator/Mixr.build/Mixr-all-non-framework-target-headers.hmap (in target 'Mixr' from project 'Mixr')
    cd /Users/pranavi/Documents/GitHub/mixr
    write-file /tmp/mixr-general-build/Build/Intermediates.noindex/Mixr.build/Debug-iphonesimulator/Mixr.build/Mixr-all-non-framework-target-headers.hmap

WriteAuxiliaryFile /tmp/mixr-general-build/Build/Intermediates.noindex/Mixr.build/Debug-iphonesimulator/Mixr.build/Objects-normal/x86_64/Mixr.SwiftFileList (in target 'Mixr' from project 'Mixr')
    cd /Users/pranavi/Documents/GitHub/mixr
    write-file /tmp/mixr-general-build/Build/Intermediates.noindex/Mixr.build/Debug-iphonesimulator/Mixr.build/Objects-normal/x86_64/Mixr.SwiftFileList

WriteAuxiliaryFile /tmp/mixr-general-build/Build/Intermediates.noindex/Mixr.build/Debug-iphonesimulator/Mixr.build/Objects-normal/x86_64/Mixr.SwiftConstValuesFileList (in target 'Mixr' from project 'Mixr')
    cd /Users/pranavi/Documents/GitHub/mixr
    write-file /tmp/mixr-general-build/Build/Intermediates.noindex/Mixr.build/Debug-iphonesimulator/Mixr.build/Objects-normal/x86_64/Mixr.SwiftConstValuesFileList

WriteAuxiliaryFile /tmp/mixr-general-build/Build/Intermediates.noindex/Mixr.build/Debug-iphonesimulator/Mixr.build/Objects-normal/arm64/Mixr_const_extract_protocols.json (in target 'Mixr' from project 'Mixr')
    cd /Users/pranavi/Documents/GitHub/mixr
    write-file /tmp/mixr-general-build/Build/Intermediates.noindex/Mixr.build/Debug-iphonesimulator/Mixr.build/Objects-normal/arm64/Mixr_const_extract_protocols.json

WriteAuxiliaryFile /tmp/mixr-general-build/Build/Intermediates.noindex/Mixr.build/Debug-iphonesimulator/Mixr.build/Objects-normal/arm64/Mixr.SwiftFileList (in target 'Mixr' from project 'Mixr')
    cd /Users/pranavi/Documents/GitHub/mixr
    write-file /tmp/mixr-general-build/Build/Intermediates.noindex/Mixr.build/Debug-iphonesimulator/Mixr.build/Objects-normal/arm64/Mixr.SwiftFileList

WriteAuxiliaryFile /tmp/mixr-general-build/Build/Intermediates.noindex/Mixr.build/Debug-iphonesimulator/Mixr.build/Objects-normal/arm64/Mixr.SwiftConstValuesFileList (in target 'Mixr' from project 'Mixr')
    cd /Users/pranavi/Documents/GitHub/mixr
    write-file /tmp/mixr-general-build/Build/Intermediates.noindex/Mixr.build/Debug-iphonesimulator/Mixr.build/Objects-normal/arm64/Mixr.SwiftConstValuesFileList

WriteAuxiliaryFile /tmp/mixr-general-build/Build/Intermediates.noindex/Mixr.build/Debug-iphonesimulator/Mixr.build/Objects-normal/arm64/Mixr-OutputFileMap.json (in target 'Mixr' from project 'Mixr')
    cd /Users/pranavi/Documents/GitHub/mixr
    write-file /tmp/mixr-general-build/Build/Intermediates.noindex/Mixr.build/Debug-iphonesimulator/Mixr.build/Objects-normal/arm64/Mixr-OutputFileMap.json

WriteAuxiliaryFile /tmp/mixr-general-build/Build/Intermediates.noindex/Mixr.build/Debug-iphonesimulator/Mixr.build/Mixr.DependencyStaticMetadataFileList (in target 'Mixr' from project 'Mixr')
    cd /Users/pranavi/Documents/GitHub/mixr
    write-file /tmp/mixr-general-build/Build/Intermediates.noindex/Mixr.build/Debug-iphonesimulator/Mixr.build/Mixr.DependencyStaticMetadataFileList

WriteAuxiliaryFile /tmp/mixr-general-build/Build/Intermediates.noindex/Mixr.build/Debug-iphonesimulator/Mixr.build/Mixr.DependencyMetadataFileList (in target 'Mixr' from project 'Mixr')
    cd /Users/pranavi/Documents/GitHub/mixr
    write-file /tmp/mixr-general-build/Build/Intermediates.noindex/Mixr.build/Debug-iphonesimulator/Mixr.build/Mixr.DependencyMetadataFileList

WriteAuxiliaryFile /tmp/mixr-general-build/Build/Intermediates.noindex/Mixr.build/Debug-iphonesimulator/Mixr.build/Mixr-project-headers.hmap (in target 'Mixr' from project 'Mixr')
    cd /Users/pranavi/Documents/GitHub/mixr
    write-file /tmp/mixr-general-build/Build/Intermediates.noindex/Mixr.build/Debug-iphonesimulator/Mixr.build/Mixr-project-headers.hmap

WriteAuxiliaryFile /tmp/mixr-general-build/Build/Intermediates.noindex/Mixr.build/Debug-iphonesimulator/Mixr.build/Mixr.hmap (in target 'Mixr' from project 'Mixr')
    cd /Users/pranavi/Documents/GitHub/mixr
    write-file /tmp/mixr-general-build/Build/Intermediates.noindex/Mixr.build/Debug-iphonesimulator/Mixr.build/Mixr.hmap

CompileAssetCatalogVariant thinned /tmp/mixr-general-build/Build/Products/Debug-iphonesimulator/Mixr.app /Users/pranavi/Documents/GitHub/mixr/Mixr/AppIcon.icon /Users/pranavi/Documents/GitHub/mixr/Mixr/Assets.xcassets (in target 'Mixr' from project 'Mixr')
    cd /Users/pranavi/Documents/GitHub/mixr
    /Applications/Xcode.app/Contents/Developer/usr/bin/actool /Users/pranavi/Documents/GitHub/mixr/Mixr/AppIcon.icon /Users/pranavi/Documents/GitHub/mixr/Mixr/Assets.xcassets --compile /tmp/mixr-general-build/Build/Intermediates.noindex/Mixr.build/Debug-iphonesimulator/Mixr.build/assetcatalog_output/thinned --output-format human-readable-text --notices --warnings --export-dependency-info /tmp/mixr-general-build/Build/Intermediates.noindex/Mixr.build/Debug-iphonesimulator/Mixr.build/assetcatalog_dependencies_thinned --output-partial-info-plist /tmp/mixr-general-build/Build/Intermediates.noindex/Mixr.build/Debug-iphonesimulator/Mixr.build/assetcatalog_generated_info.plist_thinned --app-icon AppIcon --accent-color AccentColor --compress-pngs --enable-on-demand-resources YES --development-region en --target-device iphone --target-device ipad --minimum-deployment-target 26.5 --platform iphonesimulator
2026-09-14 11:15:12.030 ibtoold[16910:3225195] CoreSimulatorService connection became invalid.  Simulator services will no longer be available.
2026-09-14 11:15:12.030 ibtoold[16910:3225230] Logging connecton invalid: <OS_xpc_error: <dictionary: 0x1fa4ce080> { count = 1, transaction: 0, voucher = 0x0, contents =
	"XPCErrorDescription" => <string: 0x1fa4ce1c0> { string cache = 0x0, length = 18, contents = "Connection invalid" }
}>
2026-09-14 11:15:12.030 ibtoold[16910:3225230] Error opening log file (/Users/pranavi/Library/Logs/CoreSimulator/CoreSimulator.com.apple.ibtool.log): Operation not permitted
[-[SimServiceContext sendRequest:]:1751] ERROR : Unable to deliver request ({
    "developer_dir" = "/Applications/Xcode.app/Contents/Developer";
    request = "set_developer_dir";
}) because we are not connected to CoreSimulatorService.
[-[SimServiceContext initWithDeveloperDir:connectionType:error:]:432] WARN  : Unable to discover any Simulator runtimes. Developer Directory is /Applications/Xcode.app/Contents/Developer.
[-[SimDiskImageManager init]:175] ERROR : Could not kickstart simdiskimaged; SimDiskImageManager services will not be available: Error Domain=NSPOSIXErrorDomain Code=53 "Software caused connection abort" UserInfo={NSLocalizedDescription=Error returned in reply from CoreSimulatorService: Connection invalid}
[-[SimDiskImageManager _onQueue_checkConnection:]:239] ERROR : simdiskimaged returned error (invalid), marking disconnected.
[-[SimDiskImageManager _onQueue_checkConnection:]:239] ERROR : simdiskimaged returned error (invalid), marking disconnected.
[-[SimServiceContext initWithDeveloperDir:connectionType:error:]_block_invoke:468] ERROR : Could not get list of trusted mount directories: Error Domain=com.apple.CoreSimulator.SimError Code=410 "The service used to manage runtime disk images (simdiskimaged) crashed or is not responding" UserInfo={NSLocalizedDescription=The service used to manage runtime disk images (simdiskimaged) crashed or is not responding}
[-[SimServiceContext sendRequest:reply:error:]:1771] ERROR : Unable to deliver request ({
    request = "notification_subscription";
    "set_path" = "/Users/pranavi/Library/Developer/CoreSimulator/Devices";
}) because we are not connected to CoreSimulatorService.
2026-09-14 11:15:12.093 ibtoold[16910:3225193] Error Domain=NSPOSIXErrorDomain Code=61 "Connection refused" UserInfo={NSLocalizedDescription=CoreSimulatorService connection became invalid.  Simulator services will no longer be available.}
The file “AppIcon” couldn’t be opened.
/* com.apple.actool.errors */
error: Exception while running actool: *** -[__NSPlaceholderArray initWithObjects:count:]: attempt to insert nil object from objects[0]
Backtrace:
  0   __exceptionPreprocess (in CoreFoundation)
  1   objc_exception_throw (in libobjc.A.dylib)
  2   -[__NSPlaceholderArray initWithObjects:count:] (in CoreFoundation)
  3   +[NSArray arrayWithObjects:count:] (in CoreFoundation)
  4   -[IBICAbstractPlatformAdapter selectCatalogIconComposerItemsFromCollection:ignoringItems:forLocation:withOptions:populatingIssues:] (in AssetCatalogFoundation)
  5   -[IBICAbstractPlatformAdapter selectCatalogItemsForCARCompilerFromCollection:ignoringItems:forCompilingWithOptions:populatingIssues:] (in AssetCatalogFoundation)
  6   -[IBICAbstractPlatformAdapter selectCatalogItemsForCompilingCollection:options:] (in AssetCatalogFoundation)
  7   -[IBICAbstractPlatformAdapter compileCatalogCollection:options:queue:completionHandler:] (in AssetCatalogFoundation)
  8   -[IBCLIImageCatalogToolPersona compileCatalogCollection:withPlatformAdapter:arguments:outputDictionary:] (in ibtoold)
  9   -[IBCLIImageCatalogToolPersona invokeArguments:outputDictionary:] (in ibtoold)
 10   -[IBCLIImageCatalogToolPersona runSingleInvocation:outputtingToFileHandle:andVerifyingEnvironment:] (in ibtoold)
 11   IBCLIServerRunSingleInvocation (in ibtoold)
 12   main (in ibtoold)
 13   start (in dyld)



GenerateAssetSymbols /Users/pranavi/Documents/GitHub/mixr/Mixr/AppIcon.icon /Users/pranavi/Documents/GitHub/mixr/Mixr/Assets.xcassets (in target 'Mixr' from project 'Mixr')
    cd /Users/pranavi/Documents/GitHub/mixr
    /Applications/Xcode.app/Contents/Developer/usr/bin/actool /Users/pranavi/Documents/GitHub/mixr/Mixr/AppIcon.icon /Users/pranavi/Documents/GitHub/mixr/Mixr/Assets.xcassets --compile /tmp/mixr-general-build/Build/Products/Debug-iphonesimulator/Mixr.app --output-format human-readable-text --notices --warnings --export-dependency-info /tmp/mixr-general-build/Build/Intermediates.noindex/Mixr.build/Debug-iphonesimulator/Mixr.build/assetcatalog_dependencies --output-partial-info-plist /tmp/mixr-general-build/Build/Intermediates.noindex/Mixr.build/Debug-iphonesimulator/Mixr.build/assetcatalog_generated_info.plist --app-icon AppIcon --accent-color AccentColor --compress-pngs --enable-on-demand-resources YES --development-region en --target-device iphone --target-device ipad --minimum-deployment-target 26.5 --platform iphonesimulator --bundle-identifier com.pranavi.Mixr --generate-swift-asset-symbols /tmp/mixr-general-build/Build/Intermediates.noindex/Mixr.build/Debug-iphonesimulator/Mixr.build/DerivedSources/GeneratedAssetSymbols.swift --generate-objc-asset-symbols /tmp/mixr-general-build/Build/Intermediates.noindex/Mixr.build/Debug-iphonesimulator/Mixr.build/DerivedSources/GeneratedAssetSymbols.h --generate-asset-symbol-index /tmp/mixr-general-build/Build/Intermediates.noindex/Mixr.build/Debug-iphonesimulator/Mixr.build/DerivedSources/GeneratedAssetSymbols-Index.plist
2026-09-14 11:15:12.029 ibtoold[16911:3225192] CoreSimulatorService connection became invalid.  Simulator services will no longer be available.
2026-09-14 11:15:12.029 ibtoold[16911:3225229] Logging connecton invalid: <OS_xpc_error: <dictionary: 0x1fa4ce080> { count = 1, transaction: 0, voucher = 0x0, contents =
	"XPCErrorDescription" => <string: 0x1fa4ce1c0> { string cache = 0x0, length = 18, contents = "Connection invalid" }
}>
2026-09-14 11:15:12.030 ibtoold[16911:3225229] Error opening log file (/Users/pranavi/Library/Logs/CoreSimulator/CoreSimulator.com.apple.ibtool.log): Operation not permitted
[-[SimServiceContext sendRequest:]:1751] ERROR : Unable to deliver request ({
    "developer_dir" = "/Applications/Xcode.app/Contents/Developer";
    request = "set_developer_dir";
}) because we are not connected to CoreSimulatorService.
[-[SimServiceContext initWithDeveloperDir:connectionType:error:]:432] WARN  : Unable to discover any Simulator runtimes. Developer Directory is /Applications/Xcode.app/Contents/Developer.
[-[SimDiskImageManager init]:175] ERROR : Could not kickstart simdiskimaged; SimDiskImageManager services will not be available: Error Domain=NSPOSIXErrorDomain Code=53 "Software caused connection abort" UserInfo={NSLocalizedDescription=Error returned in reply from CoreSimulatorService: Connection invalid}
[-[SimDiskImageManager _onQueue_checkConnection:]:239] ERROR : simdiskimaged returned error (invalid), marking disconnected.
[-[SimDiskImageManager _onQueue_checkConnection:]:239] ERROR : simdiskimaged returned error (invalid), marking disconnected.
[-[SimServiceContext initWithDeveloperDir:connectionType:error:]_block_invoke:468] ERROR : Could not get list of trusted mount directories: Error Domain=com.apple.CoreSimulator.SimError Code=410 "The service used to manage runtime disk images (simdiskimaged) crashed or is not responding" UserInfo={NSLocalizedDescription=The service used to manage runtime disk images (simdiskimaged) crashed or is not responding}
[-[SimServiceContext sendRequest:reply:error:]:1771] ERROR : Unable to deliver request ({
    request = "notification_subscription";
    "set_path" = "/Users/pranavi/Library/Developer/CoreSimulator/Devices";
}) because we are not connected to CoreSimulatorService.
2026-09-14 11:15:12.092 ibtoold[16911:3225194] Error Domain=NSPOSIXErrorDomain Code=61 "Connection refused" UserInfo={NSLocalizedDescription=CoreSimulatorService connection became invalid.  Simulator services will no longer be available.}
/* com.apple.actool.compilation-results */
/tmp/mixr-general-build/Build/Intermediates.noindex/Mixr.build/Debug-iphonesimulator/Mixr.build/DerivedSources/GeneratedAssetSymbols-Index.plist
/tmp/mixr-general-build/Build/Intermediates.noindex/Mixr.build/Debug-iphonesimulator/Mixr.build/DerivedSources/GeneratedAssetSymbols.h
/tmp/mixr-general-build/Build/Intermediates.noindex/Mixr.build/Debug-iphonesimulator/Mixr.build/DerivedSources/GeneratedAssetSymbols.swift


SwiftDriver Mixr normal x86_64 com.apple.xcode.tools.swift.compiler (in target 'Mixr' from project 'Mixr')
    cd /Users/pranavi/Documents/GitHub/mixr
    builtin-SwiftDriver -- /Applications/Xcode.app/Contents/Developer/Toolchains/XcodeDefault.xctoolchain/usr/bin/swiftc -module-name Mixr -Onone @/tmp/mixr-general-build/Build/Intermediates.noindex/Mixr.build/Debug-iphonesimulator/Mixr.build/Objects-normal/x86_64/Mixr.SwiftFileList -DDEBUG -default-isolation\=MainActor -enable-bare-slash-regex -enable-upcoming-feature DisableOutwardActorInference -enable-upcoming-feature InferSendableFromCaptures -enable-upcoming-feature GlobalActorIsolatedTypesUsability -enable-upcoming-feature MemberImportVisibility -enable-upcoming-feature InferIsolatedConformances -enable-upcoming-feature NonisolatedNonsendingByDefault -enable-experimental-feature DebugDescriptionMacro -sdk /Applications/Xcode.app/Contents/Developer/Platforms/iPhoneSimulator.platform/Developer/SDKs/iPhoneSimulator26.5.sdk -target x86_64-apple-ios26.5-simulator -g -module-cache-path /tmp/mixr-general-build/ModuleCache.noindex -Xfrontend -serialize-debugging-options -enable-testing -index-store-path /tmp/mixr-general-build/Index.noindex/DataStore -Xcc -D_LIBCPP_HARDENING_MODE\=_LIBCPP_HARDENING_MODE_DEBUG -swift-version 5 -I /tmp/mixr-general-build/Build/Products/Debug-iphonesimulator -F /tmp/mixr-general-build/Build/Products/Debug-iphonesimulator -emit-localized-strings -emit-localized-strings-path /tmp/mixr-general-build/Build/Intermediates.noindex/Mixr.build/Debug-iphonesimulator/Mixr.build/Objects-normal/x86_64 -c -j10 -enable-batch-mode -incremental -Xcc -ivfsstatcache -Xcc /tmp/mixr-general-build/SDKStatCaches.noindex/iphonesimulator26.5-23F81a-6cfe768891a92b912361537c460fe42b.sdkstatcache -output-file-map /tmp/mixr-general-build/Build/Intermediates.noindex/Mixr.build/Debug-iphonesimulator/Mixr.build/Objects-normal/x86_64/Mixr-OutputFileMap.json -use-frontend-parseable-output -save-temps -no-color-diagnostics -explicit-module-build -module-cache-path /tmp/mixr-general-build/Build/Intermediates.noindex/SwiftExplicitPrecompiledModules -clang-scanner-module-cache-path /tmp/mixr-general-build/ModuleCache.noindex -sdk-module-cache-path /tmp/mixr-general-build/ModuleCache.noindex -serialize-diagnostics -emit-dependencies -emit-module -emit-module-path /tmp/mixr-general-build/Build/Intermediates.noindex/Mixr.build/Debug-iphonesimulator/Mixr.build/Objects-normal/x86_64/Mixr.swiftmodule -validate-clang-modules-once -clang-build-session-file /tmp/mixr-general-build/ModuleCache.noindex/Session.modulevalidation -Xcc -I/tmp/mixr-general-build/Build/Intermediates.noindex/Mixr.build/Debug-iphonesimulator/Mixr.build/swift-overrides.hmap -emit-const-values -Xfrontend -const-gather-protocols-file -Xfrontend /tmp/mixr-general-build/Build/Intermediates.noindex/Mixr.build/Debug-iphonesimulator/Mixr.build/Objects-normal/x86_64/Mixr_const_extract_protocols.json -Xcc -iquote -Xcc /tmp/mixr-general-build/Build/Intermediates.noindex/Mixr.build/Debug-iphonesimulator/Mixr.build/Mixr-generated-files.hmap -Xcc -I/tmp/mixr-general-build/Build/Intermediates.noindex/Mixr.build/Debug-iphonesimulator/Mixr.build/Mixr-own-target-headers.hmap -Xcc -I/tmp/mixr-general-build/Build/Intermediates.noindex/Mixr.build/Debug-iphonesimulator/Mixr.build/Mixr-all-target-headers.hmap -Xcc -iquote -Xcc /tmp/mixr-general-build/Build/Intermediates.noindex/Mixr.build/Debug-iphonesimulator/Mixr.build/Mixr-project-headers.hmap -Xcc -I/tmp/mixr-general-build/Build/Products/Debug-iphonesimulator/include -Xcc -I/tmp/mixr-general-build/Build/Intermediates.noindex/Mixr.build/Debug-iphonesimulator/Mixr.build/DerivedSources-normal/x86_64 -Xcc -I/tmp/mixr-general-build/Build/Intermediates.noindex/Mixr.build/Debug-iphonesimulator/Mixr.build/DerivedSources/x86_64 -Xcc -I/tmp/mixr-general-build/Build/Intermediates.noindex/Mixr.build/Debug-iphonesimulator/Mixr.build/DerivedSources -Xcc -DDEBUG\=1 -emit-objc-header -emit-objc-header-path /tmp/mixr-general-build/Build/Intermediates.noindex/Mixr.build/Debug-iphonesimulator/Mixr.build/Objects-normal/x86_64/Mixr-Swift.h -working-directory /Users/pranavi/Documents/GitHub/mixr -experimental-emit-module-separately -disable-cmo

SwiftDriver Mixr normal arm64 com.apple.xcode.tools.swift.compiler (in target 'Mixr' from project 'Mixr')
    cd /Users/pranavi/Documents/GitHub/mixr
    builtin-SwiftDriver -- /Applications/Xcode.app/Contents/Developer/Toolchains/XcodeDefault.xctoolchain/usr/bin/swiftc -module-name Mixr -Onone @/tmp/mixr-general-build/Build/Intermediates.noindex/Mixr.build/Debug-iphonesimulator/Mixr.build/Objects-normal/arm64/Mixr.SwiftFileList -DDEBUG -default-isolation\=MainActor -enable-bare-slash-regex -enable-upcoming-feature DisableOutwardActorInference -enable-upcoming-feature InferSendableFromCaptures -enable-upcoming-feature GlobalActorIsolatedTypesUsability -enable-upcoming-feature MemberImportVisibility -enable-upcoming-feature InferIsolatedConformances -enable-upcoming-feature NonisolatedNonsendingByDefault -enable-experimental-feature DebugDescriptionMacro -sdk /Applications/Xcode.app/Contents/Developer/Platforms/iPhoneSimulator.platform/Developer/SDKs/iPhoneSimulator26.5.sdk -target arm64-apple-ios26.5-simulator -g -module-cache-path /tmp/mixr-general-build/ModuleCache.noindex -Xfrontend -serialize-debugging-options -enable-testing -index-store-path /tmp/mixr-general-build/Index.noindex/DataStore -Xcc -D_LIBCPP_HARDENING_MODE\=_LIBCPP_HARDENING_MODE_DEBUG -swift-version 5 -I /tmp/mixr-general-build/Build/Products/Debug-iphonesimulator -F /tmp/mixr-general-build/Build/Products/Debug-iphonesimulator -emit-localized-strings -emit-localized-strings-path /tmp/mixr-general-build/Build/Intermediates.noindex/Mixr.build/Debug-iphonesimulator/Mixr.build/Objects-normal/arm64 -c -j10 -enable-batch-mode -incremental -Xcc -ivfsstatcache -Xcc /tmp/mixr-general-build/SDKStatCaches.noindex/iphonesimulator26.5-23F81a-6cfe768891a92b912361537c460fe42b.sdkstatcache -output-file-map /tmp/mixr-general-build/Build/Intermediates.noindex/Mixr.build/Debug-iphonesimulator/Mixr.build/Objects-normal/arm64/Mixr-OutputFileMap.json -use-frontend-parseable-output -save-temps -no-color-diagnostics -explicit-module-build -module-cache-path /tmp/mixr-general-build/Build/Intermediates.noindex/SwiftExplicitPrecompiledModules -clang-scanner-module-cache-path /tmp/mixr-general-build/ModuleCache.noindex -sdk-module-cache-path /tmp/mixr-general-build/ModuleCache.noindex -serialize-diagnostics -emit-dependencies -emit-module -emit-module-path /tmp/mixr-general-build/Build/Intermediates.noindex/Mixr.build/Debug-iphonesimulator/Mixr.build/Objects-normal/arm64/Mixr.swiftmodule -validate-clang-modules-once -clang-build-session-file /tmp/mixr-general-build/ModuleCache.noindex/Session.modulevalidation -Xcc -I/tmp/mixr-general-build/Build/Intermediates.noindex/Mixr.build/Debug-iphonesimulator/Mixr.build/swift-overrides.hmap -emit-const-values -Xfrontend -const-gather-protocols-file -Xfrontend /tmp/mixr-general-build/Build/Intermediates.noindex/Mixr.build/Debug-iphonesimulator/Mixr.build/Objects-normal/arm64/Mixr_const_extract_protocols.json -Xcc -iquote -Xcc /tmp/mixr-general-build/Build/Intermediates.noindex/Mixr.build/Debug-iphonesimulator/Mixr.build/Mixr-generated-files.hmap -Xcc -I/tmp/mixr-general-build/Build/Intermediates.noindex/Mixr.build/Debug-iphonesimulator/Mixr.build/Mixr-own-target-headers.hmap -Xcc -I/tmp/mixr-general-build/Build/Intermediates.noindex/Mixr.build/Debug-iphonesimulator/Mixr.build/Mixr-all-target-headers.hmap -Xcc -iquote -Xcc /tmp/mixr-general-build/Build/Intermediates.noindex/Mixr.build/Debug-iphonesimulator/Mixr.build/Mixr-project-headers.hmap -Xcc -I/tmp/mixr-general-build/Build/Products/Debug-iphonesimulator/include -Xcc -I/tmp/mixr-general-build/Build/Intermediates.noindex/Mixr.build/Debug-iphonesimulator/Mixr.build/DerivedSources-normal/arm64 -Xcc -I/tmp/mixr-general-build/Build/Intermediates.noindex/Mixr.build/Debug-iphonesimulator/Mixr.build/DerivedSources/arm64 -Xcc -I/tmp/mixr-general-build/Build/Intermediates.noindex/Mixr.build/Debug-iphonesimulator/Mixr.build/DerivedSources -Xcc -DDEBUG\=1 -emit-objc-header -emit-objc-header-path /tmp/mixr-general-build/Build/Intermediates.noindex/Mixr.build/Debug-iphonesimulator/Mixr.build/Objects-normal/arm64/Mixr-Swift.h -working-directory /Users/pranavi/Documents/GitHub/mixr -experimental-emit-module-separately -disable-cmo

** BUILD FAILED **


The following build commands failed:
	CompileAssetCatalogVariant thinned /tmp/mixr-general-build/Build/Products/Debug-iphonesimulator/Mixr.app /Users/pranavi/Documents/GitHub/mixr/Mixr/AppIcon.icon /Users/pranavi/Documents/GitHub/mixr/Mixr/Assets.xcassets (in target 'Mixr' from project 'Mixr')
	Building project Mixr with scheme Mixr
(2 failures)
