crate-0-1-2-3-4.m4a: -13.48 LUFS, -1.311 dBTP, 0 clipped samples; release inconclusive
crate-0-1-2-3.m4a: -10.42 LUFS, -1.255 dBTP, 0 clipped samples; release inconclusive
crate-0-1-2-4.m4a: -13.48 LUFS, -1.311 dBTP, 0 clipped samples; release inconclusive
crate-0-1-2.m4a: -13.48 LUFS, -1.311 dBTP, 0 clipped samples; release inconclusive
crate-0-1-3-4.m4a: -13.48 LUFS, -1.311 dBTP, 0 clipped samples; release inconclusive
crate-0-1-3.m4a: -13.48 LUFS, -1.311 dBTP, 0 clipped samples; release inconclusive
crate-0-1-4.m4a: -13.48 LUFS, -1.311 dBTP, 0 clipped samples; release inconclusive
crate-0-1.m4a: -13.48 LUFS, -1.311 dBTP, 0 clipped samples; release inconclusive
crate-0-2-3-4.m4a: -10.42 LUFS, -1.255 dBTP, 0 clipped samples; release inconclusive
crate-0-2-3.m4a: -10.42 LUFS, -1.255 dBTP, 0 clipped samples; release inconclusive
crate-0-2-4.m4a: -15.91 LUFS, -1.300 dBTP, 0 clipped samples; release inconclusive
crate-0-2.m4a: -10.73 LUFS, -1.233 dBTP, 0 clipped samples; release inconclusive
crate-0-3-4.m4a: -15.91 LUFS, -1.300 dBTP, 0 clipped samples; release inconclusive
crate-0-3.m4a: -10.42 LUFS, -1.255 dBTP, 0 clipped samples; release inconclusive
crate-0-4.m4a: -12.33 LUFS, -1.317 dBTP, 0 clipped samples; release inconclusive
crate-0.m4a: -14.25 LUFS, -1.319 dBTP, 0 clipped samples; release inconclusive
crate-1-2-3-4.m4a: -10.42 LUFS, -1.255 dBTP, 0 clipped samples; release inconclusive
crate-1-2-3.m4a: -10.42 LUFS, -1.255 dBTP, 0 clipped samples; release inconclusive
crate-1-2-4.m4a: -13.08 LUFS, -1.110 dBTP, 0 clipped samples; release inconclusive
crate-1-2.m4a: -10.73 LUFS, -1.233 dBTP, 0 clipped samples; release inconclusive
crate-1-3-4.m4a: -13.08 LUFS, -1.139 dBTP, 0 clipped samples; release inconclusive
crate-1-3.m4a: -10.42 LUFS, -1.255 dBTP, 0 clipped samples; release inconclusive
crate-1-4.m4a: -11.77 LUFS, -1.123 dBTP, 0 clipped samples; release inconclusive
crate-1.m4a: -12.42 LUFS, -0.924 dBTP, 0 clipped samples; release inconclusive
crate-2-3-4.m4a: -10.90 LUFS, -1.269 dBTP, 0 clipped samples; release inconclusive
crate-2-3.m4a: -10.90 LUFS, -1.269 dBTP, 0 clipped samples; release inconclusive
crate-2-4.m4a: -10.73 LUFS, -1.233 dBTP, 0 clipped samples; release inconclusive
crate-2.m4a: -11.55 LUFS, -1.122 dBTP, 0 clipped samples; release inconclusive
crate-3-4.m4a: -10.42 LUFS, -1.255 dBTP, 0 clipped samples; release inconclusive
crate-3.m4a: -10.60 LUFS, -1.174 dBTP, 0 clipped samples; release inconclusive
crate-4.m4a: -11.98 LUFS, -1.207 dBTP, 0 clipped samples; release inconclusive
