/Users/pranavi/Documents/GitHub/mixr/Mixr/Models/MixrTimeline.swift:178:13: warning: initialization of immutable value 'movingEnd' was never used; consider replacing with assignment to '_' or removing it [#no-usage]
176 |         // 3 — Literal gap: rawStart lands in empty space → place exactly where released
177 |         let clampedStart = max(0, rawStart)
178 |         let movingEnd = clampedStart + movingClip.length
    |             `- warning: initialization of immutable value 'movingEnd' was never used; consider replacing with assignment to '_' or removing it [#no-usage]
179 |         let startsInClip = others.contains { clip in
180 |             clampedStart > clip.start + epsilon
/Users/pranavi/Documents/GitHub/mixr/Mixr/Models/AutoRemixPlanner.swift:905:13: warning: variable 'joinContracts' was never mutated; consider changing to 'let' constant
 903 |         var placements: [AutoClipPlacement] = []
 904 |         var pulseRegions: [AutoClubPulse.Region] = []
 905 |         var joinContracts: [AutoJoinContract] = []
     |             `- warning: variable 'joinContracts' was never mutated; consider changing to 'let' constant
 906 |         var intentionalGaps: [AutoIntentionalGap] = []
 907 |         var cutRecords: [AutoCutRecord] = []

/Users/pranavi/Documents/GitHub/mixr/Mixr/Models/AutoRemixPlanner.swift:907:13: warning: variable 'cutRecords' was never mutated; consider changing to 'let' constant
 905 |         var joinContracts: [AutoJoinContract] = []
 906 |         var intentionalGaps: [AutoIntentionalGap] = []
 907 |         var cutRecords: [AutoCutRecord] = []
     |             `- warning: variable 'cutRecords' was never mutated; consider changing to 'let' constant
 908 |         var sfx: [AutoSFXEvent] = []
 909 |         var decisions = decisions

/Users/pranavi/Documents/GitHub/mixr/Mixr/Models/AutoRemixPlanner.swift:1566:62: warning: will never be executed
1564 |             mashupVocalID: drop1?.songID,
1565 |             mashupBedID: bed.songID,
1566 |             bedTempoRatio: bedTempo.ok ? bedTempo.bedRatio : nil,
     |                                     |                        `- warning: will never be executed
     |                                     `- note: condition always evaluates to true
1567 |             vocalTempoRatio: vocalTempoRatio,
1568 |             bedPitchSemitones: bedPitch,
/Users/pranavi/Documents/GitHub/mixr/Mixr/Models/AutoJoinEngine.swift:178:13: warning: initialization of immutable value 'repeats' was never used; consider replacing with assignment to '_' or removing it [#no-usage]
176 |         joinContracts: inout [AutoJoinContract]
177 |     ) {
178 |         let repeats = tuning.pivotWallpaperBeats
    |             `- warning: initialization of immutable value 'repeats' was never used; consider replacing with assignment to '_' or removing it [#no-usage]
179 |         let loopDur = tuning.pivotWindowSeconds(barSec: barSec)
180 |         let loopStart = dropTimelineStart - loopDur

/Users/pranavi/Documents/GitHub/mixr/Mixr/Models/AutoJoinEngine.swift:275:13: warning: initialization of immutable value 'grainVol' was never used; consider replacing with assignment to '_' or removing it [#no-usage]
273 |         )
274 | 
275 |         let grainVol = AutoGainPolicy.roleStagingVolume(
    |             `- warning: initialization of immutable value 'grainVol' was never used; consider replacing with assignment to '_' or removing it [#no-usage]
276 |             role: .pivotGrain,
277 |             measuredStemRMS: nil,
/Users/pranavi/Documents/GitHub/mixr/Mixr/Models/AutoRemixRunner.swift:67:13: warning: variable 'validated' was never mutated; consider changing to 'let' constant
 65 |         }
 66 | 
 67 |         var validated = AutoRemixValidator.validate(draft, profiles: profiles, tuning: tuning)
    |             `- warning: variable 'validated' was never mutated; consider changing to 'let' constant
 68 |         var staged = validated
 69 |         AutoJoinEngine.boostJoinClipVolumes(
/Users/pranavi/Documents/GitHub/mixr/Mixr/Models/AutoPCMLoader.swift:67:17: warning: capture of 'inBuf' with non-Sendable type 'AVAudioPCMBuffer' in a '@Sendable' closure [#SendableClosureCaptures]
65 |                 if pulled { outStatus.pointee = .noDataNow; return nil }
66 |                 pulled = true
67 |                 inBuf.frameLength = 0
   |                 `- warning: capture of 'inBuf' with non-Sendable type 'AVAudioPCMBuffer' in a '@Sendable' closure [#SendableClosureCaptures]
68 |                 do { try file.read(into: inBuf) } catch { outStatus.pointee = .endOfStream; return nil }
69 |                 if inBuf.frameLength == 0 { outStatus.pointee = .endOfStream; reachedEnd = true; return nil }

/Applications/Xcode.app/Contents/Developer/Platforms/MacOSX.platform/Developer/SDKs/MacOSX26.5.sdk/System/Library/Frameworks/AVFAudio.framework/Headers/AVAudioBuffer.h:67:12: note: class 'AVAudioPCMBuffer' does not conform to the 'Sendable' protocol
 65 | */
 66 | API_AVAILABLE(macos(10.10), ios(8.0), watchos(2.0), tvos(9.0))
 67 | @interface AVAudioPCMBuffer : AVAudioBuffer
    |            `- note: class 'AVAudioPCMBuffer' does not conform to the 'Sendable' protocol
 68 | 
 69 | /*!	@method initWithPCMFormat:frameCapacity:

/Users/pranavi/Documents/GitHub/mixr/Mixr/Models/AutoPCMLoader.swift:2:1: warning: add '@preconcurrency' to suppress 'Sendable'-related warnings from module 'AVFAudio'
 1 | import Foundation
 2 | import AVFoundation
   | `- warning: add '@preconcurrency' to suppress 'Sendable'-related warnings from module 'AVFAudio'
 3 | 
 4 | /// Decodes song and stem audio to lean mono PCM for the in-engine listen

[#SendableClosureCaptures]: <https://docs.swift.org/compiler/documentation/diagnostics/sendable-closure-captures>
PASS  sweep does not preview a later outgoing lyric with an echo throw
PASS  validator does not introduce an incoming vocal detour
PASS  quiet gap cannot shorten the outgoing lyrical passage
PASS  first song handoff uses one small ascending effect
PASS  equally loud vocal stems do not acquire an automatic six-dB jump
PASS  complete phrase can win over later title token
PASS  word gap alone cannot cut a sustained note
PASS  missing isolated-stem evidence preserves outgoing phrase
PASS  new outgoing continuation gets time before the next song
PASS  delaying the handoff retains source-continuous outgoing coverage
PASS  incoming phrase and later material keep the same source clock
PASS  handoff waits past two bars when outgoing vocal is still active
PASS  outgoing vocal retires in measured pause before the next lyric
PASS  incoming consonant pickup precedes the cut without shifting its beat clock
PASS  rendered consonant control rejects old trim and retains new pickup
PASS  revalidation cannot keep moving the incoming pickup earlier
PASS  backing entrance cannot demote the incoming vocal to a short fragment
PASS  backing entrance cannot create a duplicate incoming vocal tail
PASS  measured bar and following word entrance beat a later internal pause
PASS  extended continuation absorbs its old tail instead of replaying it at the drop
PASS  a shorter vocal-free opening can make room for the delayed drop
PASS  intro compression shifts the existing hook without changing its source
PASS  prepared groove replaces the empty backing before the vocal handoff
PASS  rendered musical dropout fails old behavior and retains a groove after repair
PASS  preparing the bed does not move or shorten either vocal
PASS  stable backing starts on a measured bar instead of a louder offbeat
PASS  whole-island scoring rejects a backing passage with missing rhythm
PASS  missing backing evidence cannot invent a different island
PASS  revalidation cannot duplicate the prepared kick owner
PASS  preparing a drop bed early cannot remove its gain staging
PASS  gain staging retains the prepared harmony crossfade
ALL PASSED
