/Users/pranavi/Documents/GitHub/mixr/Mixr/Models/MixrTimeline.swift:178:13: warning: initialization of immutable value 'movingEnd' was never used; consider replacing with assignment to '_' or removing it [#no-usage]
176 |         // 3 — Literal gap: rawStart lands in empty space → place exactly where released
177 |         let clampedStart = max(0, rawStart)
178 |         let movingEnd = clampedStart + movingClip.length
    |             `- warning: initialization of immutable value 'movingEnd' was never used; consider replacing with assignment to '_' or removing it [#no-usage]
179 |         let startsInClip = others.contains { clip in
180 |             clampedStart > clip.start + epsilon
/Users/pranavi/Documents/GitHub/mixr/Mixr/Models/AutoRemixPlanner.swift:1614:62: warning: will never be executed
1612 |             mashupVocalID: drop1?.songID,
1613 |             mashupBedID: bed.songID,
1614 |             bedTempoRatio: bedTempo.ok ? bedTempo.bedRatio : nil,
     |                                     |                        `- warning: will never be executed
     |                                     `- note: condition always evaluates to true
1615 |             vocalTempoRatio: vocalTempoRatio,
1616 |             bedPitchSemitones: bedPitch,
/Users/pranavi/Documents/GitHub/mixr/Mixr/Models/AutoJoinEngine.swift:178:13: warning: initialization of immutable value 'repeats' was never used; consider replacing with assignment to '_' or removing it [#no-usage]
 176 |         joinContracts: inout [AutoJoinContract]
 177 |     ) {
 178 |         let repeats = tuning.pivotWallpaperBeats
     |             `- warning: initialization of immutable value 'repeats' was never used; consider replacing with assignment to '_' or removing it [#no-usage]
 179 |         let loopDur = tuning.pivotWindowSeconds(barSec: barSec)
 180 |         let loopStart = dropTimelineStart - loopDur
/Users/pranavi/Documents/GitHub/mixr/Mixr/Models/AutoRemixRunner.swift:64:13: warning: variable 'validated' was never mutated; consider changing to 'let' constant
 62 |         }
 63 | 
 64 |         var validated = AutoRemixValidator.validate(draft, profiles: profiles, tuning: tuning)
    |             `- warning: variable 'validated' was never mutated; consider changing to 'let' constant
 65 |         var staged = validated
 66 |         AutoJoinEngine.boostJoinClipVolumes(
/Users/pranavi/Documents/GitHub/mixr/Mixr/Models/AutoPCMLoader.swift:67:17: warning: capture of 'inBuf' with non-Sendable type 'AVAudioPCMBuffer' in a '@Sendable' closure [#SendableClosureCaptures]
65 |                 if pulled { outStatus.pointee = .noDataNow; return nil }
66 |                 pulled = true
67 |                 inBuf.frameLength = 0
   |                 `- warning: capture of 'inBuf' with non-Sendable type 'AVAudioPCMBuffer' in a '@Sendable' closure [#SendableClosureCaptures]
68 |                 do { try file.read(into: inBuf) } catch { outStatus.pointee = .endOfStream; return nil }
69 |                 if inBuf.frameLength == 0 { outStatus.pointee = .endOfStream; reachedEnd = true; return nil }

/Applications/Xcode.app/Contents/Developer/Platforms/MacOSX.platform/Developer/SDKs/MacOSX26.5.sdk/System/Library/Frameworks/AVFAudio.framework/Headers/AVAudioBuffer.h:67:12: note: class 'AVAudioPCMBuffer' does not conform to the 'Sendable' protocol
 65 | */
 66 | API_AVAILABLE(macos(10.10), ios(8.0), watchos(2.0), tvos(9.0))
 67 | @interface AVAudioPCMBuffer : AVAudioBuffer
    |            `- note: class 'AVAudioPCMBuffer' does not conform to the 'Sendable' protocol
 68 | 
 69 | /*!	@method initWithPCMFormat:frameCapacity:

/Users/pranavi/Documents/GitHub/mixr/Mixr/Models/AutoPCMLoader.swift:2:1: warning: add '@preconcurrency' to suppress 'Sendable'-related warnings from module 'AVFAudio'
 1 | import Foundation
 2 | import AVFoundation
   | `- warning: add '@preconcurrency' to suppress 'Sendable'-related warnings from module 'AVFAudio'
 3 | 
 4 | /// Decodes song and stem audio to lean mono PCM for the in-engine listen

[#SendableClosureCaptures]: <https://docs.swift.org/compiler/documentation/diagnostics/sendable-closure-captures>
/var/folders/sl/q2rnvs0j6g1bb1pg7zjj5jyh0000gn/T/mixr-limiter-tests.y1IZ6x/main.swift:8:83: error: 'ReductionAudit' is not a member type of enum 'tests.AutoMasterBus'
 6 | }
 7 | let rate = 1000.0
 8 | func audit(_ span: Range<Int>, db: Double, count: Int = 100_000) -> AutoMasterBus.ReductionAudit {
   |                                                                                   `- error: 'ReductionAudit' is not a member type of enum 'tests.AutoMasterBus'
 9 |     var envelope = [Float](repeating: 1, count: count)
10 |     for i in span { envelope[i] = Float(pow(10, -db / 20)) }

/Users/pranavi/Documents/GitHub/mixr/Mixr/Models/AutoMasterBus.swift:16:6: note: 'AutoMasterBus' declared here
 14 | /// rare impacts are caught, drops keep their dynamics, and loudness
 15 | /// lands as high as the material's own crest factor allows.
 16 | enum AutoMasterBus {
    |      `- note: 'AutoMasterBus' declared here
 17 | 
 18 |     struct Result {

/var/folders/sl/q2rnvs0j6g1bb1pg7zjj5jyh0000gn/T/mixr-limiter-tests.y1IZ6x/main.swift:13:22: error: extraneous argument label 'db:' in call
11 |     return AutoMasterBus.auditReduction(envelope: envelope, sampleRate: rate)
12 | }
13 | let sustained = audit(10_001..<10_501, db: 4)
   |                      `- error: extraneous argument label 'db:' in call
14 | check("500ms heavy reduction fails despite low program fraction", !sustained.passes && abs(sustained.longestHeavySeconds - 0.5) < 1e-9)
15 | let fraction = audit(0..<101, db: 4, count: 10_000)

/var/folders/sl/q2rnvs0j6g1bb1pg7zjj5jyh0000gn/T/mixr-limiter-tests.y1IZ6x/main.swift:13:29: error: cannot convert value of type 'Range<Int>' to expected argument type 'UnsafeRawPointer'
11 |     return AutoMasterBus.auditReduction(envelope: envelope, sampleRate: rate)
12 | }
13 | let sustained = audit(10_001..<10_501, db: 4)
   |                             `- error: cannot convert value of type 'Range<Int>' to expected argument type 'UnsafeRawPointer'
14 | check("500ms heavy reduction fails despite low program fraction", !sustained.passes && abs(sustained.longestHeavySeconds - 0.5) < 1e-9)
15 | let fraction = audit(0..<101, db: 4, count: 10_000)

/var/folders/sl/q2rnvs0j6g1bb1pg7zjj5jyh0000gn/T/mixr-limiter-tests.y1IZ6x/main.swift:15:45: error: extra argument 'count' in call
13 | let sustained = audit(10_001..<10_501, db: 4)
14 | check("500ms heavy reduction fails despite low program fraction", !sustained.passes && abs(sustained.longestHeavySeconds - 0.5) < 1e-9)
15 | let fraction = audit(0..<101, db: 4, count: 10_000)
   |                                             `- error: extra argument 'count' in call
16 | check("over one percent heavy reduction fails independently", !fraction.passes && fraction.heavyFraction > 0.01)
17 | let peak = audit(5..<6, db: 7)

/var/folders/sl/q2rnvs0j6g1bb1pg7zjj5jyh0000gn/T/mixr-limiter-tests.y1IZ6x/main.swift:15:23: error: cannot convert value of type 'Range<Int>' to expected argument type 'UnsafeRawPointer'
13 | let sustained = audit(10_001..<10_501, db: 4)
14 | check("500ms heavy reduction fails despite low program fraction", !sustained.passes && abs(sustained.longestHeavySeconds - 0.5) < 1e-9)
15 | let fraction = audit(0..<101, db: 4, count: 10_000)
   |                       `- error: cannot convert value of type 'Range<Int>' to expected argument type 'UnsafeRawPointer'
16 | check("over one percent heavy reduction fails independently", !fraction.passes && fraction.heavyFraction > 0.01)
17 | let peak = audit(5..<6, db: 7)

/var/folders/sl/q2rnvs0j6g1bb1pg7zjj5jyh0000gn/T/mixr-limiter-tests.y1IZ6x/main.swift:17:17: error: extraneous argument label 'db:' in call
15 | let fraction = audit(0..<101, db: 4, count: 10_000)
16 | check("over one percent heavy reduction fails independently", !fraction.passes && fraction.heavyFraction > 0.01)
17 | let peak = audit(5..<6, db: 7)
   |                 `- error: extraneous argument label 'db:' in call
18 | check("single excessive limiter peak fails", !peak.passes && peak.maximumDB > 6)
19 | let clean = audit(10_001..<10_100, db: 4)

/var/folders/sl/q2rnvs0j6g1bb1pg7zjj5jyh0000gn/T/mixr-limiter-tests.y1IZ6x/main.swift:17:19: error: cannot convert value of type 'Range<Int>' to expected argument type 'UnsafeRawPointer'
15 | let fraction = audit(0..<101, db: 4, count: 10_000)
16 | check("over one percent heavy reduction fails independently", !fraction.passes && fraction.heavyFraction > 0.01)
17 | let peak = audit(5..<6, db: 7)
   |                   `- error: cannot convert value of type 'Range<Int>' to expected argument type 'UnsafeRawPointer'
18 | check("single excessive limiter peak fails", !peak.passes && peak.maximumDB > 6)
19 | let clean = audit(10_001..<10_100, db: 4)

/var/folders/sl/q2rnvs0j6g1bb1pg7zjj5jyh0000gn/T/mixr-limiter-tests.y1IZ6x/main.swift:19:18: error: extraneous argument label 'db:' in call
17 | let peak = audit(5..<6, db: 7)
18 | check("single excessive limiter peak fails", !peak.passes && peak.maximumDB > 6)
19 | let clean = audit(10_001..<10_100, db: 4)
   |                  `- error: extraneous argument label 'db:' in call
20 | check("bounded rare reduction passes", clean.passes)
21 | check("10ms maximum trace retains off-grid one-sample fault", peak.maximum10msDB.max()! > 6)

/var/folders/sl/q2rnvs0j6g1bb1pg7zjj5jyh0000gn/T/mixr-limiter-tests.y1IZ6x/main.swift:19:25: error: cannot convert value of type 'Range<Int>' to expected argument type 'UnsafeRawPointer'
17 | let peak = audit(5..<6, db: 7)
18 | check("single excessive limiter peak fails", !peak.passes && peak.maximumDB > 6)
19 | let clean = audit(10_001..<10_100, db: 4)
   |                         `- error: cannot convert value of type 'Range<Int>' to expected argument type 'UnsafeRawPointer'
20 | check("bounded rare reduction passes", clean.passes)
21 | check("10ms maximum trace retains off-grid one-sample fault", peak.maximum10msDB.max()! > 6)

/var/folders/sl/q2rnvs0j6g1bb1pg7zjj5jyh0000gn/T/mixr-limiter-tests.y1IZ6x/main.swift:22:27: error: type 'AutoMasterBus' has no member 'auditReduction'
20 | check("bounded rare reduction passes", clean.passes)
21 | check("10ms maximum trace retains off-grid one-sample fault", peak.maximum10msDB.max()! > 6)
22 | let empty = AutoMasterBus.auditReduction(envelope: [], sampleRate: rate)
   |                           `- error: type 'AutoMasterBus' has no member 'auditReduction'
23 | check("missing limiter evidence cannot pass", !empty.passes)
24 | print(failures == 0 ? "ALL PASSED" : "FAILED \(failures)")

/var/folders/sl/q2rnvs0j6g1bb1pg7zjj5jyh0000gn/T/mixr-limiter-tests.y1IZ6x/main.swift:11:26: error: type 'AutoMasterBus' has no member 'auditReduction'
 9 |     var envelope = [Float](repeating: 1, count: count)
10 |     for i in span { envelope[i] = Float(pow(10, -db / 20)) }
11 |     return AutoMasterBus.auditReduction(envelope: envelope, sampleRate: rate)
   |                          `- error: type 'AutoMasterBus' has no member 'auditReduction'
12 | }
13 | let sustained = audit(10_001..<10_501, db: 4)
