/Users/pranavi/Documents/GitHub/mixr/Mixr/Models/MixrTimeline.swift:178:13: warning: initialization of immutable value 'movingEnd' was never used; consider replacing with assignment to '_' or removing it [#no-usage]
176 |         // 3 — Literal gap: rawStart lands in empty space → place exactly where released
177 |         let clampedStart = max(0, rawStart)
178 |         let movingEnd = clampedStart + movingClip.length
    |             `- warning: initialization of immutable value 'movingEnd' was never used; consider replacing with assignment to '_' or removing it [#no-usage]
179 |         let startsInClip = others.contains { clip in
180 |             clampedStart > clip.start + epsilon
/Users/pranavi/Documents/GitHub/mixr/Mixr/Models/AutoRemixPlanner.swift:1614:62: warning: will never be executed
1612 |             mashupVocalID: drop1?.songID,
1613 |             mashupBedID: bed.songID,
1614 |             bedTempoRatio: bedTempo.ok ? bedTempo.bedRatio : nil,
     |                                     |                        `- warning: will never be executed
     |                                     `- note: condition always evaluates to true
1615 |             vocalTempoRatio: vocalTempoRatio,
1616 |             bedPitchSemitones: bedPitch,
/Users/pranavi/Documents/GitHub/mixr/Mixr/Models/AutoJoinEngine.swift:178:13: warning: initialization of immutable value 'repeats' was never used; consider replacing with assignment to '_' or removing it [#no-usage]
 176 |         joinContracts: inout [AutoJoinContract]
 177 |     ) {
 178 |         let repeats = tuning.pivotWallpaperBeats
     |             `- warning: initialization of immutable value 'repeats' was never used; consider replacing with assignment to '_' or removing it [#no-usage]
 179 |         let loopDur = tuning.pivotWindowSeconds(barSec: barSec)
 180 |         let loopStart = dropTimelineStart - loopDur
/Users/pranavi/Documents/GitHub/mixr/Mixr/Models/AutoRemixRunner.swift:64:13: warning: variable 'validated' was never mutated; consider changing to 'let' constant
 62 |         }
 63 | 
 64 |         var validated = AutoRemixValidator.validate(draft, profiles: profiles, tuning: tuning)
    |             `- warning: variable 'validated' was never mutated; consider changing to 'let' constant
 65 |         var staged = validated
 66 |         AutoJoinEngine.boostJoinClipVolumes(
/Users/pranavi/Documents/GitHub/mixr/Mixr/Models/AutoPCMLoader.swift:67:17: warning: capture of 'inBuf' with non-Sendable type 'AVAudioPCMBuffer' in a '@Sendable' closure [#SendableClosureCaptures]
65 |                 if pulled { outStatus.pointee = .noDataNow; return nil }
66 |                 pulled = true
67 |                 inBuf.frameLength = 0
   |                 `- warning: capture of 'inBuf' with non-Sendable type 'AVAudioPCMBuffer' in a '@Sendable' closure [#SendableClosureCaptures]
68 |                 do { try file.read(into: inBuf) } catch { outStatus.pointee = .endOfStream; return nil }
69 |                 if inBuf.frameLength == 0 { outStatus.pointee = .endOfStream; reachedEnd = true; return nil }

/Applications/Xcode.app/Contents/Developer/Platforms/MacOSX.platform/Developer/SDKs/MacOSX26.5.sdk/System/Library/Frameworks/AVFAudio.framework/Headers/AVAudioBuffer.h:67:12: note: class 'AVAudioPCMBuffer' does not conform to the 'Sendable' protocol
 65 | */
 66 | API_AVAILABLE(macos(10.10), ios(8.0), watchos(2.0), tvos(9.0))
 67 | @interface AVAudioPCMBuffer : AVAudioBuffer
    |            `- note: class 'AVAudioPCMBuffer' does not conform to the 'Sendable' protocol
 68 | 
 69 | /*!	@method initWithPCMFormat:frameCapacity:

/Users/pranavi/Documents/GitHub/mixr/Mixr/Models/AutoPCMLoader.swift:2:1: warning: add '@preconcurrency' to suppress 'Sendable'-related warnings from module 'AVFAudio'
 1 | import Foundation
 2 | import AVFoundation
   | `- warning: add '@preconcurrency' to suppress 'Sendable'-related warnings from module 'AVFAudio'
 3 | 
 4 | /// Decodes song and stem audio to lean mono PCM for the in-engine listen

[#SendableClosureCaptures]: <https://docs.swift.org/compiler/documentation/diagnostics/sendable-closure-captures>
*** Terminating app due to uncaught exception 'NSInvalidArgumentException', reason: 'Invalid number value (NaN) in JSON write'
*** First throw call stack:
(
	0   CoreFoundation                      0x000000018c54f1f0 __exceptionPreprocess + 176
	1   libobjc.A.dylib                     0x000000018bfca91c objc_exception_throw + 88
	2   Foundation                          0x000000018dd72fbc -[_NSJSONWriter resizeTemporaryBuffer:] + 0
	3   Foundation                          0x000000018dd725c8 ___writeJSONObject_block_invoke + 412
	4   Foundation                          0x000000018dd72044 _writeJSONObject + 928
	5   Foundation                          0x000000018e83ea10 -[_NSJSONWriter dataWithRootObject:options:] + 104
	6   Foundation                          0x000000018dd7183c +[NSJSONSerialization dataWithJSONObject:options:error:] + 112
	7   tests                               0x0000000102ae5910 $s5tests16AutoJoinManifestO11writeAtomic_2toySDySSypG_10Foundation3URLVtKFZ + 616
	8   tests                               0x0000000102bc4024 main + 12352
	9   dyld                                0x000000018c0584e4 start + 6992
)
libc++abi: terminating due to uncaught exception of type NSException
FAIL fingerprint distinguishes source identity
FAIL fingerprint distinguishes source offset
FAIL fingerprint distinguishes playback rate
FAIL fingerprint distinguishes stem role
FAIL fingerprint distinguishes gain below former rounding precision
FAIL fingerprint distinguishes timeline below former rounding precision
FAIL fingerprint distinguishes duration below former rounding precision
FAIL fingerprint distinguishes effect level
FAIL fingerprint distinguishes reverb preset
FAIL fingerprint distinguishes echo preset
FAIL fingerprint distinguishes pitch direction
FAIL fingerprint distinguishes fade type
FAIL fingerprint distinguishes fade duration
FAIL fingerprint distinguishes fade curve
FAIL fingerprint distinguishes continuation
FAIL fingerprint distinguishes continuation shape
FAIL fingerprint distinguishes declared overlap
FAIL fingerprint distinguishes slot
FAIL fingerprint distinguishes target grid
FAIL fingerprint distinguishes export duration
FAIL fingerprint distinguishes pulse region end
FAIL fingerprint distinguishes pulse policy
FAIL fingerprint distinguishes flavor
FAIL fingerprint distinguishes intentional gap
FAIL fingerprint distinguishes join source identity
FAIL fingerprint distinguishes SFX precise time
PASS fingerprint distinguishes SFX asset
FAIL fingerprint distinguishes resolved stem source
PASS random plan UUID does not change repeatable fingerprint
PASS effect dictionary insertion order is irrelevant
FAIL extras cannot replace schema
FAIL extras cannot replace fingerprint
FAIL extras cannot replace seed
FAIL extras cannot replace joins
FAIL extras cannot replace drops
FAIL extras cannot invent absent preapply evidence
PASS external evidence remains available
PASS nil optional IDs produce valid JSON
FAIL absent song ID is explicitly JSON null
PASS atomic replacement writes complete new object
FAIL write failure leaves no temporary files
PASS failed write preserves destination link
Scripts/run_join_manifest_tests.sh: line 44: 18916 Abort trap: 6           "$BUILD/tests"
