/Users/pranavi/Documents/GitHub/mixr/Mixr/Models/MixrTimeline.swift:178:13: warning: initialization of immutable value 'movingEnd' was never used; consider replacing with assignment to '_' or removing it [#no-usage]
176 |         // 3 — Literal gap: rawStart lands in empty space → place exactly where released
177 |         let clampedStart = max(0, rawStart)
178 |         let movingEnd = clampedStart + movingClip.length
    |             `- warning: initialization of immutable value 'movingEnd' was never used; consider replacing with assignment to '_' or removing it [#no-usage]
179 |         let startsInClip = others.contains { clip in
180 |             clampedStart > clip.start + epsilon
/Users/pranavi/Documents/GitHub/mixr/Mixr/Models/AutoRemixPlanner.swift:1614:62: warning: will never be executed
1612 |             mashupVocalID: drop1?.songID,
1613 |             mashupBedID: bed.songID,
1614 |             bedTempoRatio: bedTempo.ok ? bedTempo.bedRatio : nil,
     |                                     |                        `- warning: will never be executed
     |                                     `- note: condition always evaluates to true
1615 |             vocalTempoRatio: vocalTempoRatio,
1616 |             bedPitchSemitones: bedPitch,
/Users/pranavi/Documents/GitHub/mixr/Mixr/Models/AutoJoinEngine.swift:178:13: warning: initialization of immutable value 'repeats' was never used; consider replacing with assignment to '_' or removing it [#no-usage]
 176 |         joinContracts: inout [AutoJoinContract]
 177 |     ) {
 178 |         let repeats = tuning.pivotWallpaperBeats
     |             `- warning: initialization of immutable value 'repeats' was never used; consider replacing with assignment to '_' or removing it [#no-usage]
 179 |         let loopDur = tuning.pivotWindowSeconds(barSec: barSec)
 180 |         let loopStart = dropTimelineStart - loopDur
/Users/pranavi/Documents/GitHub/mixr/Mixr/Models/AutoRemixRunner.swift:64:13: warning: variable 'validated' was never mutated; consider changing to 'let' constant
 62 |         }
 63 | 
 64 |         var validated = AutoRemixValidator.validate(draft, profiles: profiles, tuning: tuning)
    |             `- warning: variable 'validated' was never mutated; consider changing to 'let' constant
 65 |         var staged = validated
 66 |         AutoJoinEngine.boostJoinClipVolumes(
/Users/pranavi/Documents/GitHub/mixr/Mixr/Models/AutoPCMLoader.swift:67:17: warning: capture of 'inBuf' with non-Sendable type 'AVAudioPCMBuffer' in a '@Sendable' closure [#SendableClosureCaptures]
65 |                 if pulled { outStatus.pointee = .noDataNow; return nil }
66 |                 pulled = true
67 |                 inBuf.frameLength = 0
   |                 `- warning: capture of 'inBuf' with non-Sendable type 'AVAudioPCMBuffer' in a '@Sendable' closure [#SendableClosureCaptures]
68 |                 do { try file.read(into: inBuf) } catch { outStatus.pointee = .endOfStream; return nil }
69 |                 if inBuf.frameLength == 0 { outStatus.pointee = .endOfStream; reachedEnd = true; return nil }

/Applications/Xcode.app/Contents/Developer/Platforms/MacOSX.platform/Developer/SDKs/MacOSX26.5.sdk/System/Library/Frameworks/AVFAudio.framework/Headers/AVAudioBuffer.h:67:12: note: class 'AVAudioPCMBuffer' does not conform to the 'Sendable' protocol
 65 | */
 66 | API_AVAILABLE(macos(10.10), ios(8.0), watchos(2.0), tvos(9.0))
 67 | @interface AVAudioPCMBuffer : AVAudioBuffer
    |            `- note: class 'AVAudioPCMBuffer' does not conform to the 'Sendable' protocol
 68 | 
 69 | /*!	@method initWithPCMFormat:frameCapacity:

/Users/pranavi/Documents/GitHub/mixr/Mixr/Models/AutoPCMLoader.swift:2:1: warning: add '@preconcurrency' to suppress 'Sendable'-related warnings from module 'AVFAudio'
 1 | import Foundation
 2 | import AVFoundation
   | `- warning: add '@preconcurrency' to suppress 'Sendable'-related warnings from module 'AVFAudio'
 3 | 
 4 | /// Decodes song and stem audio to lean mono PCM for the in-engine listen

[#SendableClosureCaptures]: <https://docs.swift.org/compiler/documentation/diagnostics/sendable-closure-captures>
PASS fingerprint distinguishes source identity
PASS fingerprint distinguishes source offset
PASS fingerprint distinguishes playback rate
PASS fingerprint distinguishes stem role
PASS fingerprint distinguishes gain below former rounding precision
PASS fingerprint distinguishes timeline below former rounding precision
PASS fingerprint distinguishes duration below former rounding precision
PASS fingerprint distinguishes effect level
PASS fingerprint distinguishes reverb preset
PASS fingerprint distinguishes echo preset
PASS fingerprint distinguishes pitch direction
PASS fingerprint distinguishes fade type
PASS fingerprint distinguishes fade duration
PASS fingerprint distinguishes fade curve
PASS fingerprint distinguishes continuation
PASS fingerprint distinguishes continuation shape
PASS fingerprint distinguishes declared overlap
PASS fingerprint distinguishes slot
PASS fingerprint distinguishes target grid
PASS fingerprint distinguishes export duration
PASS fingerprint distinguishes pulse region end
PASS fingerprint distinguishes pulse policy
PASS fingerprint distinguishes flavor
PASS fingerprint distinguishes intentional gap
PASS fingerprint distinguishes join source identity
PASS fingerprint distinguishes SFX precise time
PASS fingerprint distinguishes SFX asset
PASS fingerprint distinguishes resolved stem source
PASS random plan UUID does not change repeatable fingerprint
PASS effect dictionary insertion order is irrelevant
PASS extras cannot replace schema
PASS extras cannot replace fingerprint
PASS extras cannot replace seed
PASS extras cannot replace joins
PASS extras cannot replace drops
PASS extras cannot invent absent preapply evidence
PASS external evidence remains available
PASS nil optional IDs produce valid JSON
PASS absent song ID is explicitly JSON null
PASS atomic replacement writes complete new object
PASS write failure leaves no temporary files
PASS failed write preserves destination link
PASS invalid JSON preserves previous manifest
ALL PASSED
