Compiling AutoJoinEngineTests.swift…
/Users/pranavi/Documents/GitHub/mixr/Mixr/Models/MixrTimeline.swift:178:13: warning: initialization of immutable value 'movingEnd' was never used; consider replacing with assignment to '_' or removing it [#no-usage]
176 |         // 3 — Literal gap: rawStart lands in empty space → place exactly where released
177 |         let clampedStart = max(0, rawStart)
178 |         let movingEnd = clampedStart + movingClip.length
    |             `- warning: initialization of immutable value 'movingEnd' was never used; consider replacing with assignment to '_' or removing it [#no-usage]
179 |         let startsInClip = others.contains { clip in
180 |             clampedStart > clip.start + epsilon
/Users/pranavi/Documents/GitHub/mixr/Mixr/Models/AutoRemixPlanner.swift:905:13: warning: variable 'joinContracts' was never mutated; consider changing to 'let' constant
 903 |         var placements: [AutoClipPlacement] = []
 904 |         var pulseRegions: [AutoClubPulse.Region] = []
 905 |         var joinContracts: [AutoJoinContract] = []
     |             `- warning: variable 'joinContracts' was never mutated; consider changing to 'let' constant
 906 |         var intentionalGaps: [AutoIntentionalGap] = []
 907 |         var cutRecords: [AutoCutRecord] = []

/Users/pranavi/Documents/GitHub/mixr/Mixr/Models/AutoRemixPlanner.swift:907:13: warning: variable 'cutRecords' was never mutated; consider changing to 'let' constant
 905 |         var joinContracts: [AutoJoinContract] = []
 906 |         var intentionalGaps: [AutoIntentionalGap] = []
 907 |         var cutRecords: [AutoCutRecord] = []
     |             `- warning: variable 'cutRecords' was never mutated; consider changing to 'let' constant
 908 |         var sfx: [AutoSFXEvent] = []
 909 |         var decisions = decisions

/Users/pranavi/Documents/GitHub/mixr/Mixr/Models/AutoRemixPlanner.swift:1566:62: warning: will never be executed
1564 |             mashupVocalID: drop1?.songID,
1565 |             mashupBedID: bed.songID,
1566 |             bedTempoRatio: bedTempo.ok ? bedTempo.bedRatio : nil,
     |                                     |                        `- warning: will never be executed
     |                                     `- note: condition always evaluates to true
1567 |             vocalTempoRatio: vocalTempoRatio,
1568 |             bedPitchSemitones: bedPitch,
/Users/pranavi/Documents/GitHub/mixr/Mixr/Models/AutoJoinEngine.swift:178:13: warning: initialization of immutable value 'repeats' was never used; consider replacing with assignment to '_' or removing it [#no-usage]
176 |         joinContracts: inout [AutoJoinContract]
177 |     ) {
178 |         let repeats = tuning.pivotWallpaperBeats
    |             `- warning: initialization of immutable value 'repeats' was never used; consider replacing with assignment to '_' or removing it [#no-usage]
179 |         let loopDur = tuning.pivotWindowSeconds(barSec: barSec)
180 |         let loopStart = dropTimelineStart - loopDur

/Users/pranavi/Documents/GitHub/mixr/Mixr/Models/AutoJoinEngine.swift:275:13: warning: initialization of immutable value 'grainVol' was never used; consider replacing with assignment to '_' or removing it [#no-usage]
273 |         )
274 | 
275 |         let grainVol = AutoGainPolicy.roleStagingVolume(
    |             `- warning: initialization of immutable value 'grainVol' was never used; consider replacing with assignment to '_' or removing it [#no-usage]
276 |             role: .pivotGrain,
277 |             measuredStemRMS: nil,
/Users/pranavi/Documents/GitHub/mixr/Mixr/Models/AutoRemixRunner.swift:67:13: warning: variable 'validated' was never mutated; consider changing to 'let' constant
 65 |         }
 66 | 
 67 |         var validated = AutoRemixValidator.validate(draft, profiles: profiles, tuning: tuning)
    |             `- warning: variable 'validated' was never mutated; consider changing to 'let' constant
 68 |         var staged = validated
 69 |         AutoJoinEngine.boostJoinClipVolumes(
/Users/pranavi/Documents/GitHub/mixr/Mixr/Models/AutoPCMLoader.swift:67:17: warning: capture of 'inBuf' with non-Sendable type 'AVAudioPCMBuffer' in a '@Sendable' closure [#SendableClosureCaptures]
65 |                 if pulled { outStatus.pointee = .noDataNow; return nil }
66 |                 pulled = true
67 |                 inBuf.frameLength = 0
   |                 `- warning: capture of 'inBuf' with non-Sendable type 'AVAudioPCMBuffer' in a '@Sendable' closure [#SendableClosureCaptures]
68 |                 do { try file.read(into: inBuf) } catch { outStatus.pointee = .endOfStream; return nil }
69 |                 if inBuf.frameLength == 0 { outStatus.pointee = .endOfStream; reachedEnd = true; return nil }

/Applications/Xcode.app/Contents/Developer/Platforms/MacOSX.platform/Developer/SDKs/MacOSX26.5.sdk/System/Library/Frameworks/AVFAudio.framework/Headers/AVAudioBuffer.h:67:12: note: class 'AVAudioPCMBuffer' does not conform to the 'Sendable' protocol
 65 | */
 66 | API_AVAILABLE(macos(10.10), ios(8.0), watchos(2.0), tvos(9.0))
 67 | @interface AVAudioPCMBuffer : AVAudioBuffer
    |            `- note: class 'AVAudioPCMBuffer' does not conform to the 'Sendable' protocol
 68 | 
 69 | /*!	@method initWithPCMFormat:frameCapacity:

/Users/pranavi/Documents/GitHub/mixr/Mixr/Models/AutoPCMLoader.swift:2:1: warning: add '@preconcurrency' to suppress 'Sendable'-related warnings from module 'AVFAudio'
 1 | import Foundation
 2 | import AVFoundation
   | `- warning: add '@preconcurrency' to suppress 'Sendable'-related warnings from module 'AVFAudio'
 3 | 
 4 | /// Decodes song and stem audio to lean mono PCM for the in-engine listen

[#SendableClosureCaptures]: <https://docs.swift.org/compiler/documentation/diagnostics/sendable-closure-captures>
Running join...
PASS  Join: club-lift title pad puts token after stretch settle
PASS  Join: native tempo keeps 2-beat source pad
PASS  Join: club-lift pad does not pull a previous lyric ahead of the distinctive token
PASS  Join: isolated token keeps a title-owned first word as the anchor
PASS  Join: isolated token still walks past filler foreign to the title
PASS  Join: missing attack word in lyrics does not walk to a later distinctive
PASS  Join: title lyric in the last 30% of the song is not the opening hook
PASS  Join: late sidecar still uses the first-half distinctive token when present
PASS  Join: rejected late lyric still lands the opening title island
PASS  Join: club-lift energy island pads so the title token is after stretch settle
PASS  Join: native pad starts on distinctive token, not the filler before it
PASS  Join: sweep join emits continuous runway (no grain loop)
PASS  Join: sweep join does not insert an automatic lyric throw
PASS  Join: continuous runway preserves the outgoing source clock
PASS  Join: no stutter grains remain
PASS  Join: pre-drop void stripped on pivot join
PASS  Join: Drop 1 vocal volume ≥ title × isolation boost
PASS  Join: hot title stem does not clamp Drop 1 below isolation boost
PASS  Join: title-hook instrumental stems stay quieter than the isolated vocal
PASS  Join: intro full-mix does not keep playing under the title vocal
PASS  Join: opening fade-in on first dominant clip
PASS  Join: takeover overlaps and incoming swells quiet → loud
PASS  Join: yield fades the outgoing; incoming title stays at full
PASS  Join: sweep contract with bedOther creates a floor spanning the window
PASS  Join: sweep contract places seam SFX on the last beat before the cut
PASS  Join: noneRequired does not invent a blend floor
PASS  Join: noneRequired still gets last-beat seam cover
PASS  Join: mid-line cut extends to the last word of the lyric line
PASS  Join: unfinished line layers over Drop 1 instead of a flush lyric chop
PASS  Join: Drop 1 incoming stays a hard cut at full volume
PASS  Join: A→B→A inside 5s becomes a layer, not two flush lead switches

ALL PASSED
HARNESS_SUMMARY completed=1 expected=1
