PASS 90-to-144 cannot be passed by a capped 1.12 rate
PASS A 90-to-90 target must not acquire a hidden speedup
PASS Allowed lift realizes exact target 93.0 to 104.16
PASS Allowed lift realizes exact target 95.0 to 104.16
PASS Allowed lift realizes exact target 90.0 to 100.8
PASS Midtempo pair fits both independent caps 93.0/95.0
PASS Midtempo pair fits both independent caps 95.0/93.0
PASS Midtempo pair fits both independent caps 90.0/100.0
PASS Midtempo pair fits both independent caps 100.0/90.0
PASS Half/double mapping realizes exact shared grid 72.0/144.0
PASS Half/double mapping realizes exact shared grid 73.0/144.0
PASS Half/double mapping realizes exact shared grid 144.0/73.0
PASS Near-unison pair preserves exact non-native rates
PASS Incompatible pair refuses a sustained mix
PASS Same named pocket does not waive alignment
PASS Invalid BPM rejected
PASS Invalid BPM rejected
PASS Invalid BPM rejected
PASS Invalid BPM rejected
ALL PASSED
